---
source: common_constants/src/delegation_types/keccak_special5.rs
expression: disassembly
---
0:      	mv	a1, a0
4:      	add	a0, zero, zero
8:      	csrw	0x7cd, zero
c:      	csrw	0x7cd, zero
10:      	csrw	0x7cd, zero
14:      	csrw	0x7cd, zero
18:      	csrw	0x7cd, zero
1c:      	csrw	0x7cc, zero
20:      	csrw	0x7cc, zero
24:      	csrw	0x7cc, zero
28:      	csrw	0x7cc, zero
2c:      	csrw	0x7cc, zero
30:      	csrw	0x7ce, zero
34:      	csrw	0x7ce, zero
38:      	csrw	0x7ce, zero
3c:      	csrw	0x7ce, zero
40:      	csrw	0x7ce, zero
44:      	csrw	0x7cd, zero
48:      	csrw	0x7cd, zero
4c:      	csrw	0x7cd, zero
50:      	csrw	0x7cd, zero
54:      	csrw	0x7cd, zero
58:      	csrw	0x7cc, zero
5c:      	csrw	0x7cc, zero
60:      	csrw	0x7cc, zero
64:      	csrw	0x7cc, zero
68:      	csrw	0x7cc, zero
6c:      	csrw	0x7ce, zero
70:      	csrw	0x7ce, zero
74:      	csrw	0x7ce, zero
78:      	csrw	0x7ce, zero
7c:      	csrw	0x7ce, zero
80:      	csrw	0x7cd, zero
84:      	csrw	0x7cd, zero
88:      	csrw	0x7cd, zero
8c:      	csrw	0x7cd, zero
90:      	csrw	0x7cd, zero
94:      	csrw	0x7cc, zero
98:      	csrw	0x7cc, zero
9c:      	csrw	0x7cc, zero
a0:      	csrw	0x7cc, zero
a4:      	csrw	0x7cc, zero
a8:      	csrw	0x7ce, zero
ac:      	csrw	0x7ce, zero
b0:      	csrw	0x7ce, zero
b4:      	csrw	0x7ce, zero
b8:      	csrw	0x7ce, zero
bc:      	csrw	0x7cd, zero
c0:      	csrw	0x7cd, zero
c4:      	csrw	0x7cd, zero
c8:      	csrw	0x7cd, zero
cc:      	csrw	0x7cd, zero
d0:      	csrw	0x7cc, zero
d4:      	csrw	0x7cc, zero
d8:      	csrw	0x7cc, zero
dc:      	csrw	0x7cc, zero
e0:      	csrw	0x7cc, zero
e4:      	csrw	0x7ce, zero
e8:      	csrw	0x7ce, zero
ec:      	csrw	0x7ce, zero
f0:      	csrw	0x7ce, zero
f4:      	csrw	0x7ce, zero
f8:      	csrw	0x7cd, zero
fc:      	csrw	0x7cd, zero
100:      	csrw	0x7cd, zero
104:      	csrw	0x7cd, zero
108:      	csrw	0x7cd, zero
10c:      	csrw	0x7cc, zero
110:      	csrw	0x7cc, zero
114:      	csrw	0x7cc, zero
118:      	csrw	0x7cc, zero
11c:      	csrw	0x7cc, zero
120:      	csrw	0x7ce, zero
124:      	csrw	0x7ce, zero
128:      	csrw	0x7ce, zero
12c:      	csrw	0x7ce, zero
130:      	csrw	0x7ce, zero
134:      	csrw	0x7cd, zero
138:      	csrw	0x7cd, zero
13c:      	csrw	0x7cd, zero
140:      	csrw	0x7cd, zero
144:      	csrw	0x7cd, zero
148:      	csrw	0x7cc, zero
14c:      	csrw	0x7cc, zero
150:      	csrw	0x7cc, zero
154:      	csrw	0x7cc, zero
158:      	csrw	0x7cc, zero
15c:      	csrw	0x7ce, zero
160:      	csrw	0x7ce, zero
164:      	csrw	0x7ce, zero
168:      	csrw	0x7ce, zero
16c:      	csrw	0x7ce, zero
170:      	csrw	0x7cd, zero
174:      	csrw	0x7cd, zero
178:      	csrw	0x7cd, zero
17c:      	csrw	0x7cd, zero
180:      	csrw	0x7cd, zero
184:      	csrw	0x7cc, zero
188:      	csrw	0x7cc, zero
18c:      	csrw	0x7cc, zero
190:      	csrw	0x7cc, zero
194:      	csrw	0x7cc, zero
198:      	csrw	0x7ce, zero
19c:      	csrw	0x7ce, zero
1a0:      	csrw	0x7ce, zero
1a4:      	csrw	0x7ce, zero
1a8:      	csrw	0x7ce, zero
1ac:      	csrw	0x7cd, zero
1b0:      	csrw	0x7cd, zero
1b4:      	csrw	0x7cd, zero
1b8:      	csrw	0x7cd, zero
1bc:      	csrw	0x7cd, zero
1c0:      	csrw	0x7cc, zero
1c4:      	csrw	0x7cc, zero
1c8:      	csrw	0x7cc, zero
1cc:      	csrw	0x7cc, zero
1d0:      	csrw	0x7cc, zero
1d4:      	csrw	0x7ce, zero
1d8:      	csrw	0x7ce, zero
1dc:      	csrw	0x7ce, zero
1e0:      	csrw	0x7ce, zero
1e4:      	csrw	0x7ce, zero
1e8:      	csrw	0x7cd, zero
1ec:      	csrw	0x7cd, zero
1f0:      	csrw	0x7cd, zero
1f4:      	csrw	0x7cd, zero
1f8:      	csrw	0x7cd, zero
1fc:      	csrw	0x7cc, zero
200:      	csrw	0x7cc, zero
204:      	csrw	0x7cc, zero
208:      	csrw	0x7cc, zero
20c:      	csrw	0x7cc, zero
210:      	csrw	0x7ce, zero
214:      	csrw	0x7ce, zero
218:      	csrw	0x7ce, zero
21c:      	csrw	0x7ce, zero
220:      	csrw	0x7ce, zero
224:      	csrw	0x7cd, zero
228:      	csrw	0x7cd, zero
22c:      	csrw	0x7cd, zero
230:      	csrw	0x7cd, zero
234:      	csrw	0x7cd, zero
238:      	csrw	0x7cc, zero
23c:      	csrw	0x7cc, zero
240:      	csrw	0x7cc, zero
244:      	csrw	0x7cc, zero
248:      	csrw	0x7cc, zero
24c:      	csrw	0x7ce, zero
250:      	csrw	0x7ce, zero
254:      	csrw	0x7ce, zero
258:      	csrw	0x7ce, zero
25c:      	csrw	0x7ce, zero
260:      	csrw	0x7cd, zero
264:      	csrw	0x7cd, zero
268:      	csrw	0x7cd, zero
26c:      	csrw	0x7cd, zero
270:      	csrw	0x7cd, zero
274:      	csrw	0x7cc, zero
278:      	csrw	0x7cc, zero
27c:      	csrw	0x7cc, zero
280:      	csrw	0x7cc, zero
284:      	csrw	0x7cc, zero
288:      	csrw	0x7ce, zero
28c:      	csrw	0x7ce, zero
290:      	csrw	0x7ce, zero
294:      	csrw	0x7ce, zero
298:      	csrw	0x7ce, zero
29c:      	csrw	0x7cd, zero
2a0:      	csrw	0x7cd, zero
2a4:      	csrw	0x7cd, zero
2a8:      	csrw	0x7cd, zero
2ac:      	csrw	0x7cd, zero
2b0:      	csrw	0x7cc, zero
2b4:      	csrw	0x7cc, zero
2b8:      	csrw	0x7cc, zero
2bc:      	csrw	0x7cc, zero
2c0:      	csrw	0x7cc, zero
2c4:      	csrw	0x7ce, zero
2c8:      	csrw	0x7ce, zero
2cc:      	csrw	0x7ce, zero
2d0:      	csrw	0x7ce, zero
2d4:      	csrw	0x7ce, zero
2d8:      	csrw	0x7cd, zero
2dc:      	csrw	0x7cd, zero
2e0:      	csrw	0x7cd, zero
2e4:      	csrw	0x7cd, zero
2e8:      	csrw	0x7cd, zero
2ec:      	csrw	0x7cc, zero
2f0:      	csrw	0x7cc, zero
2f4:      	csrw	0x7cc, zero
2f8:      	csrw	0x7cc, zero
2fc:      	csrw	0x7cc, zero
300:      	csrw	0x7ce, zero
304:      	csrw	0x7ce, zero
308:      	csrw	0x7ce, zero
30c:      	csrw	0x7ce, zero
310:      	csrw	0x7ce, zero
314:      	csrw	0x7cd, zero
318:      	csrw	0x7cd, zero
31c:      	csrw	0x7cd, zero
320:      	csrw	0x7cd, zero
324:      	csrw	0x7cd, zero
328:      	csrw	0x7cc, zero
32c:      	csrw	0x7cc, zero
330:      	csrw	0x7cc, zero
334:      	csrw	0x7cc, zero
338:      	csrw	0x7cc, zero
33c:      	csrw	0x7ce, zero
340:      	csrw	0x7ce, zero
344:      	csrw	0x7ce, zero
348:      	csrw	0x7ce, zero
34c:      	csrw	0x7ce, zero
350:      	csrw	0x7cd, zero
354:      	csrw	0x7cd, zero
358:      	csrw	0x7cd, zero
35c:      	csrw	0x7cd, zero
360:      	csrw	0x7cd, zero
364:      	csrw	0x7cc, zero
368:      	csrw	0x7cc, zero
36c:      	csrw	0x7cc, zero
370:      	csrw	0x7cc, zero
374:      	csrw	0x7cc, zero
378:      	csrw	0x7ce, zero
37c:      	csrw	0x7ce, zero
380:      	csrw	0x7ce, zero
384:      	csrw	0x7ce, zero
388:      	csrw	0x7ce, zero
38c:      	csrw	0x7cd, zero
390:      	csrw	0x7cd, zero
394:      	csrw	0x7cd, zero
398:      	csrw	0x7cd, zero
39c:      	csrw	0x7cd, zero
3a0:      	csrw	0x7cc, zero
3a4:      	csrw	0x7cc, zero
3a8:      	csrw	0x7cc, zero
3ac:      	csrw	0x7cc, zero
3b0:      	csrw	0x7cc, zero
3b4:      	csrw	0x7ce, zero
3b8:      	csrw	0x7ce, zero
3bc:      	csrw	0x7ce, zero
3c0:      	csrw	0x7ce, zero
3c4:      	csrw	0x7ce, zero
3c8:      	csrw	0x7cd, zero
3cc:      	csrw	0x7cd, zero
3d0:      	csrw	0x7cd, zero
3d4:      	csrw	0x7cd, zero
3d8:      	csrw	0x7cd, zero
3dc:      	csrw	0x7cc, zero
3e0:      	csrw	0x7cc, zero
3e4:      	csrw	0x7cc, zero
3e8:      	csrw	0x7cc, zero
3ec:      	csrw	0x7cc, zero
3f0:      	csrw	0x7ce, zero
3f4:      	csrw	0x7ce, zero
3f8:      	csrw	0x7ce, zero
3fc:      	csrw	0x7ce, zero
400:      	csrw	0x7ce, zero
404:      	csrw	0x7cd, zero
408:      	csrw	0x7cd, zero
40c:      	csrw	0x7cd, zero
410:      	csrw	0x7cd, zero
414:      	csrw	0x7cd, zero
418:      	csrw	0x7cc, zero
41c:      	csrw	0x7cc, zero
420:      	csrw	0x7cc, zero
424:      	csrw	0x7cc, zero
428:      	csrw	0x7cc, zero
42c:      	csrw	0x7ce, zero
430:      	csrw	0x7ce, zero
434:      	csrw	0x7ce, zero
438:      	csrw	0x7ce, zero
43c:      	csrw	0x7ce, zero
440:      	csrw	0x7cd, zero
444:      	csrw	0x7cd, zero
448:      	csrw	0x7cd, zero
44c:      	csrw	0x7cd, zero
450:      	csrw	0x7cd, zero
454:      	csrw	0x7cc, zero
458:      	csrw	0x7cc, zero
45c:      	csrw	0x7cc, zero
460:      	csrw	0x7cc, zero
464:      	csrw	0x7cc, zero
468:      	csrw	0x7ce, zero
46c:      	csrw	0x7ce, zero
470:      	csrw	0x7ce, zero
474:      	csrw	0x7ce, zero
478:      	csrw	0x7ce, zero
47c:      	csrw	0x7cd, zero
480:      	csrw	0x7cd, zero
484:      	csrw	0x7cd, zero
488:      	csrw	0x7cd, zero
48c:      	csrw	0x7cd, zero
490:      	csrw	0x7cc, zero
494:      	csrw	0x7cc, zero
498:      	csrw	0x7cc, zero
49c:      	csrw	0x7cc, zero
4a0:      	csrw	0x7cc, zero
4a4:      	csrw	0x7ce, zero
4a8:      	csrw	0x7ce, zero
4ac:      	csrw	0x7ce, zero
4b0:      	csrw	0x7ce, zero
4b4:      	csrw	0x7ce, zero
4b8:      	csrw	0x7cd, zero
4bc:      	csrw	0x7cd, zero
4c0:      	csrw	0x7cd, zero
4c4:      	csrw	0x7cd, zero
4c8:      	csrw	0x7cd, zero
4cc:      	csrw	0x7cc, zero
4d0:      	csrw	0x7cc, zero
4d4:      	csrw	0x7cc, zero
4d8:      	csrw	0x7cc, zero
4dc:      	csrw	0x7cc, zero
4e0:      	csrw	0x7ce, zero
4e4:      	csrw	0x7ce, zero
4e8:      	csrw	0x7ce, zero
4ec:      	csrw	0x7ce, zero
4f0:      	csrw	0x7ce, zero
4f4:      	csrw	0x7cd, zero
4f8:      	csrw	0x7cd, zero
4fc:      	csrw	0x7cd, zero
500:      	csrw	0x7cd, zero
504:      	csrw	0x7cd, zero
508:      	csrw	0x7cc, zero
50c:      	csrw	0x7cc, zero
510:      	csrw	0x7cc, zero
514:      	csrw	0x7cc, zero
518:      	csrw	0x7cc, zero
51c:      	csrw	0x7ce, zero
520:      	csrw	0x7ce, zero
524:      	csrw	0x7ce, zero
528:      	csrw	0x7ce, zero
52c:      	csrw	0x7ce, zero
530:      	csrw	0x7cd, zero
534:      	csrw	0x7cd, zero
538:      	csrw	0x7cd, zero
53c:      	csrw	0x7cd, zero
540:      	csrw	0x7cd, zero
544:      	csrw	0x7cc, zero
548:      	csrw	0x7cc, zero
54c:      	csrw	0x7cc, zero
550:      	csrw	0x7cc, zero
554:      	csrw	0x7cc, zero
558:      	csrw	0x7ce, zero
55c:      	csrw	0x7ce, zero
560:      	csrw	0x7ce, zero
564:      	csrw	0x7ce, zero
568:      	csrw	0x7ce, zero
56c:      	csrw	0x7cd, zero
570:      	csrw	0x7cd, zero
574:      	csrw	0x7cd, zero
578:      	csrw	0x7cd, zero
57c:      	csrw	0x7cd, zero
580:      	csrw	0x7cc, zero
584:      	csrw	0x7cc, zero
588:      	csrw	0x7cc, zero
58c:      	csrw	0x7cc, zero
590:      	csrw	0x7cc, zero
594:      	csrw	0x7ce, zero
598:      	csrw	0x7ce, zero
59c:      	csrw	0x7ce, zero
5a0:      	csrw	0x7ce, zero
5a4:      	csrw	0x7ce, zero
5a8:      	csrw	0x7cd, zero
5ac:      	ret
